
> walletwise-frontend@0.1.0 test
> react-scripts test --watchAll=false

node.exe : FAIL src/c
ontext/AuthContext.te
st.jsx
At line:1 char:1
+ & "C:\Program Files
\nodejs/node.exe" 
"C:\Program 
Files\nodejs/node_mo 
...
+ ~~~~~~~~~~~~~~~~~~~
~~~~~~~~~~~~~~~~~~~~~
~~~~~~~~~~~~~~~~~~~~~
~~~~~~~~
    + CategoryInfo   
           : NotSpe  
  cified: (FAIL sr   
 c/context/AuthCo    
ntext.test.jsx:S    
tring) [], Remot    
eException
    + FullyQualified 
   ErrorId : Native  
  CommandError
 
  ΓùÅ Test suite 
failed to run

    Cannot find 
module '@testing-libr
ary/react' from 'src/
context/AuthContext.t
est.jsx'

    [0m [90m 1 
|[39m 
[36mimport[39m 
[33mReact[39m 
[36mfrom[39m [32m'
react'[39m[33m;[39
m
    [31m[1m>[22m[
39m[90m 2 |[39m 
[36mimport[39m { 
render[33m,[39m 
screen[33m,[39m 
waitFor } 
[36mfrom[39m [32m'
@testing-library/reac
t'[39m[33m;[39m
     [90m   |[39m 
[31m[1m^[22m[39m
     [90m 3 |[39m 
[36mimport[39m { [
33mAuthProvider[39m
[33m,[39m useAuth } 
[36mfrom[39m [32m'
./AuthContext'[39m[
33m;[39m
     [90m 4 |[39m 
[36mimport[39m api 
[36mfrom[39m [32m'
../api/client'[39m[
33m;[39m
     [90m 5 
|[39m[0m

      at Resolver.res
olveModule (node_modu
les/jest-resolve/buil
d/resolver.js:324:11)
      at 
Object.<anonymous> (s
rc/context/AuthContex
t.test.jsx:2:1)
      at TestSchedule
r.scheduleTests (node
_modules/@jest/core/b
uild/TestScheduler.js
:333:13)
      at runJest (nod
e_modules/@jest/core/
build/runJest.js:404:
19)
      at _run10000 (n
ode_modules/@jest/cor
e/build/cli/index.js:
320:7)
      at runCLI (node
_modules/@jest/core/b
uild/cli/index.js:173
:3)

Test Suites: 1 
failed, 1 total
Tests:       0 total
Snapshots:   0 total
Time:        1.779 s
Ran all test suites.
